lab2.h:25:6:display7SEG	24	static
lab2.h:35:6:LED_toggle	8	static
lab2.h:149:6:selectEn	16	static
lab2.h:193:6:update7SEG	16	static
lab2.h:250:6:setTimer0	16	static
lab2.h:258:6:setTimer1	16	static
lab2.h:269:6:setTimer2	16	static
lab2.h:270:6:setTimer3	16	static
lab2.h:275:6:timer_run	4	static
lab2.h:296:6:HAL_TIM_PeriodElapsedCallback	16	static
lab2.h:302:6:updateClockBuffer	4	static
lab2.h:323:6:selectEnM	16	static
lab2.h:347:6:writeRows	16	static
lab2.h:358:6:updateLEDMatrix	16	static
lab2.h:366:6:shiftMatrixLeft	16	static
main.c:66:5:main	8	static
main.c:181:6:SystemClock_Config	72	static
main.c:217:13:MX_TIM2_Init	32	static
main.c:262:13:MX_GPIO_Init	32	static
main.c:318:6:Error_Handler	4	static,ignoring_inline_asm
