lab2.h:25:6:display7SEG	24	static
lab2.h:35:6:LED_toggle	8	static
lab2.h:149:6:selectEn	16	static
lab2.h:193:6:update7SEG	16	static
lab2.h:250:6:setTimer0	16	static
lab2.h:258:6:setTimer1	16	static
lab2.h:269:6:setTimer2	16	static
lab2.h:270:6:setTimer3	16	static
lab2.h:275:6:timer_run	4	static
lab2.h:296:6:HAL_TIM_PeriodElapsedCallback	16	static
lab2.h:302:6:updateClockBuffer	4	static
lab2.h:344:6:selectRow	16	static
lab2.h:355:6:writeCols	16	static
lab2.h:368:6:led_matrix_init	8	static
lab2.h:373:6:updateLEDMatrix	16	static
lab2.h:380:6:shiftCharacterLeft	16	static
lab2.h:387:6:shiftCharacterRight	16	static
lab2.h:395:6:shiftCharacterDown	16	static
main.c:66:5:main	8	static
main.c:188:6:SystemClock_Config	72	static
main.c:224:13:MX_TIM2_Init	32	static
main.c:269:13:MX_GPIO_Init	32	static
main.c:325:6:Error_Handler	4	static,ignoring_inline_asm
